[36mvite v5.4.21 [32mbuilding for production...[36m[39m
transforming...
[32mΓ£ô[39m 1227 modules transformed.
rendering chunks...
computing gzip size...
[2mdist/[22m[32mindex.html                        [39m[1m[2m  0.69 kB[22m[1m[22m[2m Γöé gzip:   0.40 kB[22m
[2mdist/[22m[35massets/index-DbPveHa8.css         [39m[1m[2m 40.62 kB[22m[1m[22m[2m Γöé gzip:   7.11 kB[22m
[2mdist/[22m[36massets/index-CCp7iVAM.js          [39m[1m[33m739.99 kB[39m[22m[2m Γöé gzip: 232.39 kB[22m
[2mdist/[22m[36massets/ParticleField-Dimopxrk.js  [39m[1m[33m881.00 kB[39m[22m[2m Γöé gzip: 237.50 kB[22m
npx : [33m
At line:1 char:1
+ npx --no-install vite build 2>&1 > build_output.txt; echo "EXIT CODE: ...
+ ~~~~~~~~~~~~~~~~~~~~~~~~~~~~~~~~~~~~~~~~~~~~~~~~~~~
    + CategoryInfo          : NotSpecified: ([33m:String) [], RemoteException
    + FullyQualifiedErrorId : NativeCommandError
 
(!) Some chunks are larger than 500 kB after minification. Consider:
- Using dynamic import() to code-split the application
- Use build.rollupOptions.output.manualChunks to improve chunking: 
https://rollupjs.org/configuration-options/#output-manualchunks
- Adjust chunk size limit for this warning via 
build.chunkSizeWarningLimit.[39m
[32mΓ£ô built in 25.61s[39m
